
------------------------------------------------------------------
     optDesign Final Summary
------------------------------------------------------------------

Setup views included:
 worst_case 
Hold views included:
 best_case

+--------------------+---------+---------+---------+
|     Setup mode     |   all   | reg2reg | default |
+--------------------+---------+---------+---------+
|           WNS (ns):|  1.033  |  1.033  |  6.354  |
|           TNS (ns):|  0.000  |  0.000  |  0.000  |
|    Violating Paths:|    0    |    0    |    0    |
|          All Paths:|  1605   |   782   |   926   |
+--------------------+---------+---------+---------+

+--------------------+---------+---------+---------+
|     Hold mode      |   all   | reg2reg | default |
+--------------------+---------+---------+---------+
|           WNS (ns):|  0.009  |  0.067  |  0.009  |
|           TNS (ns):|  0.000  |  0.000  |  0.000  |
|    Violating Paths:|    0    |    0    |    0    |
|          All Paths:|  1605   |   782   |   926   |
+--------------------+---------+---------+---------+

+----------------+-------------------------------+------------------+
|                |              Real             |       Total      |
|    DRVs        +------------------+------------+------------------|
|                |  Nr nets(terms)  | Worst Vio  |  Nr nets(terms)  |
+----------------+------------------+------------+------------------+
|   max_cap      |      0 (0)       |   0.000    |      0 (0)       |
|   max_tran     |      0 (0)       |   0.000    |      0 (0)       |
|   max_fanout   |      0 (0)       |     0      |      0 (0)       |
|   max_length   |      0 (0)       |     0      |      0 (0)       |
+----------------+------------------+------------+------------------+

Density: 65.207%
Routing Overflow: 0.00% H and 0.00% V
------------------------------------------------------------------
**optDesign ... cpu = 0:00:07, real = 0:00:09, mem = 1557.0M, totSessionCpu=0:08:38 **
*** Finished optDesign ***
Info: Destroy the CCOpt slew target map.
*** optDesign #4 [finish] : cpu/real = 0:00:07.3/0:00:08.3 (0.9), totSession cpu/real = 0:08:38.1/0:50:47.0 (0.2), mem = 1880.1M
innovus 4> 

